// Jest Snapshot v1, https://goo.gl/fbAQLP

exports[`Button is a div 1`] = `
<div>
  button
</div>
`;
